// Jest Snapshot v1, https://goo.gl/fbAQLP

exports[`DotPulse Match Snapshot 1`] = `
<div
  className="css-1oxygs2"
/>
`;
