// Jest Snapshot v1, https://goo.gl/fbAQLP

exports[`SideMenu Match Snapshot 1`] = `
[
  <div
    className="css-12c2knp p-4 border-t z-50 h-screen bg-base css-c8xbpn"
  >
    <ul
      className="list-none"
    >
      <li
        className="my-6"
      >
        <a
          className="break-words whitespace-pre-wrap text-gray-700 font-bold whitespace-nowrap"
          href="https://menu1"
          rel=""
        >
          Menu1
        </a>
      </li>
      <li
        className="my-6"
      >
        <a
          className="break-words whitespace-pre-wrap text-gray-700 font-bold whitespace-nowrap"
          href="https://menu2"
          rel=""
        >
          Menu2
        </a>
      </li>
      <li
        className="my-6"
      >
        <a
          className="break-words whitespace-pre-wrap text-gray-700 font-bold whitespace-nowrap"
          href="https://menu3"
          rel="noreferrer"
          target="_blank"
        >
          Menu3
        </a>
      </li>
    </ul>
  </div>,
  <div
    className="block z-20 opacity-50 fixed top-0 w-full h-screen"
    onClick={[Function]}
  />,
]
`;
