// Jest Snapshot v1, https://goo.gl/fbAQLP

exports[`LandingPageTemplate Match Snapshot 1`] = `
<DocumentFragment>
  <canvas
    height="0"
    style="display: block; box-sizing: border-box; height: 0px; width: 0px;"
    width="0"
  />
</DocumentFragment>
`;
