// Jest Snapshot v1, https://goo.gl/fbAQLP

exports[`LandingPageTemplate Match Snapshot 1`] = `
<DocumentFragment>
  <nav
    aria-label="Breadcrumb"
    class="css-0 flex mt-8 ml-8"
  >
    <ol
      class="inline-flex items-center space-x-1 md:space-x-3"
    >
      <li
        class="inline-flex items-center"
      >
        <a
          class="inline-flex items-center text-sm font-medium text-gray-700 hover:text-blue-600 dark:text-gray-400 dark:hover:text-white"
          href="#"
        >
          <svg
            aria-hidden="true"
            class="w-4 h-4 mr-2"
            fill="currentColor"
            viewBox="0 0 20 20"
            xmlns="http://www.w3.org/2000/svg"
          >
            <path
              d="M10.707 2.293a1 1 0 00-1.414 0l-7 7a1 1 0 001.414 1.414L4 10.414V17a1 1 0 001 1h2a1 1 0 001-1v-2a1 1 0 011-1h2a1 1 0 011 1v2a1 1 0 001 1h2a1 1 0 001-1v-6.586l.293.293a1 1 0 001.414-1.414l-7-7z"
            />
          </svg>
          Home
        </a>
      </li>
      <li>
        <div
          class="flex items-center"
        >
          <svg
            aria-hidden="true"
            class="w-6 h-6 text-gray-400"
            fill="currentColor"
            viewBox="0 0 20 20"
            xmlns="http://www.w3.org/2000/svg"
          >
            <path
              clip-rule="evenodd"
              d="M7.293 14.707a1 1 0 010-1.414L10.586 10 7.293 6.707a1 1 0 011.414-1.414l4 4a1 1 0 010 1.414l-4 4a1 1 0 01-1.414 0z"
              fill-rule="evenodd"
            />
          </svg>
          <a
            class="ml-1 text-sm font-medium text-gray-700 hover:text-blue-600 md:ml-2 dark:text-gray-400 dark:hover:text-white"
            href="#"
          >
            リンク1
          </a>
        </div>
      </li>
      <li>
        <div
          class="flex items-center"
        >
          <svg
            aria-hidden="true"
            class="w-6 h-6 text-gray-400"
            fill="currentColor"
            viewBox="0 0 20 20"
            xmlns="http://www.w3.org/2000/svg"
          >
            <path
              clip-rule="evenodd"
              d="M7.293 14.707a1 1 0 010-1.414L10.586 10 7.293 6.707a1 1 0 011.414-1.414l4 4a1 1 0 010 1.414l-4 4a1 1 0 01-1.414 0z"
              fill-rule="evenodd"
            />
          </svg>
          <a
            class="ml-1 text-sm font-medium text-gray-700 hover:text-blue-600 md:ml-2 dark:text-gray-400 dark:hover:text-white"
            href="#"
          >
            リンク2
          </a>
        </div>
      </li>
      <li>
        <div
          class="flex items-center"
        >
          <svg
            aria-hidden="true"
            class="w-6 h-6 text-gray-400"
            fill="currentColor"
            viewBox="0 0 20 20"
            xmlns="http://www.w3.org/2000/svg"
          >
            <path
              clip-rule="evenodd"
              d="M7.293 14.707a1 1 0 010-1.414L10.586 10 7.293 6.707a1 1 0 011.414-1.414l4 4a1 1 0 010 1.414l-4 4a1 1 0 01-1.414 0z"
              fill-rule="evenodd"
            />
          </svg>
          <span
            class="ml-1 text-sm font-medium text-gray-500 md:ml-2 dark:text-gray-400"
          >
            リンク3
          </span>
        </div>
      </li>
    </ol>
  </nav>
</DocumentFragment>
`;
