// Jest Snapshot v1, https://goo.gl/fbAQLP

exports[`Modal Match Snapshot 1`] = `null`;
