// Jest Snapshot v1, https://goo.gl/fbAQLP

exports[`LandingPageTemplate Match Snapshot 1`] = `
<DocumentFragment>
  <div
    class="h-screen"
  >
    <div
      class="h-16 bg-base p-4 md:p-0 flex"
    >
      <div
        class="flex pr-3 z-50 md:hidden"
      >
        <button
          class="space-y-2 css-jgxxba"
        >
          <div
            class="w-6 h-0.5 bg-black"
          />
          <div
            class="w-6 h-0.5 bg-black"
          />
          <div
            class="w-6 h-0.5 bg-black"
          />
        </button>
      </div>
      <a
        class="css-0"
        href="#"
      >
        <div
          class="w-20 md:w-40"
        >
          <img
            class="css-s08p0c "
            src="/images/logo.png"
          />
        </div>
      </a>
    </div>
    <div
      class="flex"
    >
      <div
        class="css-12c2knp p-4 border-t z-50 h-screen bg-base css-fmjhrv"
      >
        <ul
          class="list-none"
        >
          <li
            class="my-6"
          >
            <a
              class="break-words whitespace-pre-wrap text-gray-700 font-bold whitespace-nowrap"
              href="http://localhost:9000/admin/product"
              rel=""
            >
              Product List
            </a>
          </li>
          <li
            class="my-6"
          >
            <a
              class="break-words whitespace-pre-wrap text-gray-700 font-bold whitespace-nowrap"
              href="http://localhost:9000/admin/subscriber"
              rel=""
            >
              Subscribe List
            </a>
          </li>
        </ul>
      </div>
      <div
        class="hidden z-20 opacity-50 fixed top-0 w-full h-screen"
      />
      <div
        class="w-full"
      >
        <div
          class="flex items-center justify-center"
          style="height: calc(100vh - 4rem);"
        >
          <div
            class="css-1wwfi4"
          >
            <ul
              class="css-10ffb9g"
            >
              <li
                class="css-i6ammj"
              />
              <li
                class="css-l07tar"
              />
              <li
                class="css-1hre2z7"
              />
              <li
                class="css-p2xyi8"
              />
              <li
                class="css-u8edpl"
              />
              <li
                class="css-ik3prs"
              />
              <li
                class="css-1wh69e5"
              />
              <li
                class="css-1cg3at6"
              />
              <li
                class="css-1iaru34"
              />
              <li
                class="css-1io9drp"
              />
            </ul>
            <div
              class="relative"
            >
              <div
                class="py-8 md:p-8 m-auto"
              />
            </div>
          </div>
        </div>
      </div>
    </div>
  </div>
</DocumentFragment>
`;
